../Core/Src/main.c:50:5:_write	24	static
../Core/Src/main.c:68:6:check_i2c_connected	8	static
../Core/Src/main.c:76:6:Print_Binary	24	static
../Core/Src/main.c:81:6:Read_Register_And_Print	24	static
../Core/Src/main.c:94:5:main	8	static
../Core/Src/main.c:189:6:SystemClock_Config	120	static
../Core/Src/main.c:247:13:MX_I2C5_Init	8	static
../Core/Src/main.c:292:13:MX_USART3_UART_Init	8	static
../Core/Src/main.c:337:13:MX_GPIO_Init	48	static
../Core/Src/main.c:385:6:MPU_Config	24	static
../Core/Src/main.c:415:6:Error_Handler	4	static,ignoring_inline_asm
