../Core/Src/tla2528_lib.c:11:9:TLA2528_Read_Register	40	static
../Core/Src/tla2528_lib.c:30:19:TLA2528_Write_Register	40	static
../Core/Src/tla2528_lib.c:46:6:TLA2528_Set_Channel	40	static
../Core/Src/tla2528_lib.c:54:10:TLA2528_Read_Channel	32	static
../Core/Src/tla2528_lib.c:72:7:TLA2528_Convert_To_Voltage	16	static
../Core/Src/tla2528_lib.c:78:6:TLA2528_Read_All_Channels	80	static
../Core/Src/tla2528_lib.c:97:6:print_reg_sys_status	16	static
../Core/Src/tla2528_lib.c:104:9:TLA2528_Check_Status	16	static
../Core/Src/tla2528_lib.c:131:6:TLA2528_Init	8	static
../Core/Src/tla2528_lib.c:146:6:TLA2528_Reset_System	32	static
../Core/Src/tla2528_lib.c:162:9:TLA2528_Read_System_Status	16	static
../Core/Src/tla2528_lib.c:173:6:TLA2528_Print_System_Status	24	static
../Core/Src/tla2528_lib.c:228:6:Read_GENERAL_CFG	16	static
../Core/Src/tla2528_lib.c:251:6:TLA2528_Config	32	static
../Core/Src/tla2528_lib.c:270:6:Read_Data_CFG	16	static
../Core/Src/tla2528_lib.c:274:6:TLA2528_Reset	32	static
../Core/Src/tla2528_lib.c:281:6:TLA2528_Start_Calibration	32	static
../Core/Src/tla2528_lib.c:293:6:Read_OSR_CFG	16	static
../Core/Src/tla2528_lib.c:306:6:TLA2528_Set_OSR	24	static
../Core/Src/tla2528_lib.c:331:6:TLA2528_Set_OpMode	24	static
../Core/Src/tla2528_lib.c:360:6:TLA2528_Set_PinConfig	16	static
../Core/Src/tla2528_lib.c:375:9:TLA2528_Read_GPIO_Config	8	static
../Core/Src/tla2528_lib.c:379:6:TLA2528_Set_GPIO_Config	16	static
../Core/Src/tla2528_lib.c:383:6:TLA2528_Enable_GPIO	24	static
../Core/Src/tla2528_lib.c:389:6:TLA2528_Disable_GPIO	24	static
../Core/Src/tla2528_lib.c:400:9:TLA2528_Read_GPO_Drive_Config	8	static
../Core/Src/tla2528_lib.c:403:6:TLA2528_Set_GPO_Drive_Config	16	static
../Core/Src/tla2528_lib.c:410:6:TLA2528_Enable_GPO_Drive	24	static
../Core/Src/tla2528_lib.c:416:6:TLA2528_Disable_GPO_Drive	24	static
../Core/Src/tla2528_lib.c:430:9:Read_GPO_Value	8	static
../Core/Src/tla2528_lib.c:434:6:Set_GPO_Value	16	static
../Core/Src/tla2528_lib.c:437:6:Set_GPO_Pin_High	24	static
../Core/Src/tla2528_lib.c:443:6:Set_GPO_Pin_Low	24	static
../Core/Src/tla2528_lib.c:448:6:Set_All_GPOs_High	8	static
../Core/Src/tla2528_lib.c:451:6:Set_All_GPOs_Low	8	static
