../Middlewares/Third_Party/cJSON/cJSON_Utils.c:83:12:compare_strings	8	static
../Middlewares/Third_Party/cJSON/cJSON_Utils.c:484:15:sort_list	24	static
../Middlewares/Third_Party/cJSON/cJSON_Utils.c:1321:15:merge_patch	24	static
../Middlewares/Third_Party/cJSON/cJSON_Utils.c:274:19:decode_array_index_from_pointer.constprop	0	static
../Middlewares/Third_Party/cJSON/cJSON_Utils.c:301:15:get_item_from_pointer	32	static
../Middlewares/Third_Party/cJSON/cJSON_Utils.c:604:19:compare_json	24	static
../Middlewares/Third_Party/cJSON/cJSON_Utils.c:1391:15:generate_merge_patch.part.0	32	static
../Middlewares/Third_Party/cJSON/cJSON_Utils.c:430:15:detach_path	32	static
../Middlewares/Third_Party/cJSON/cJSON_Utils.c:1096:13:compose_patch	32	static
../Middlewares/Third_Party/cJSON/cJSON_Utils.c:1141:13:create_patches.part.0	56	static
../Middlewares/Third_Party/cJSON/cJSON_Utils.c:807:12:apply_patch	72	static
../Middlewares/Third_Party/cJSON/cJSON_Utils.c:198:22:cJSONUtils_FindPointerFromObjectTo	24	static
../Middlewares/Third_Party/cJSON/cJSON_Utils.c:348:23:cJSONUtils_GetPointer	0	static
../Middlewares/Third_Party/cJSON/cJSON_Utils.c:353:23:cJSONUtils_GetPointerCaseSensitive	0	static
../Middlewares/Third_Party/cJSON/cJSON_Utils.c:1038:19:cJSONUtils_ApplyPatches	16	static
../Middlewares/Third_Party/cJSON/cJSON_Utils.c:1067:19:cJSONUtils_ApplyPatchesCaseSensitive	16	static
../Middlewares/Third_Party/cJSON/cJSON_Utils.c:1136:20:cJSONUtils_AddPatchToArray	16	static
../Middlewares/Third_Party/cJSON/cJSON_Utils.c:1281:23:cJSONUtils_GeneratePatches	24	static
../Middlewares/Third_Party/cJSON/cJSON_Utils.c:1296:23:cJSONUtils_GeneratePatchesCaseSensitive	24	static
../Middlewares/Third_Party/cJSON/cJSON_Utils.c:1311:20:cJSONUtils_SortObject	8	static
../Middlewares/Third_Party/cJSON/cJSON_Utils.c:1316:20:cJSONUtils_SortObjectCaseSensitive	8	static
../Middlewares/Third_Party/cJSON/cJSON_Utils.c:1381:23:cJSONUtils_MergePatch	0	static
../Middlewares/Third_Party/cJSON/cJSON_Utils.c:1386:23:cJSONUtils_MergePatchCaseSensitive	0	static
../Middlewares/Third_Party/cJSON/cJSON_Utils.c:1473:23:cJSONUtils_GenerateMergePatch	16	static
../Middlewares/Third_Party/cJSON/cJSON_Utils.c:1478:23:cJSONUtils_GenerateMergePatchCaseSensitive	16	static
