11:31:57 **** Incremental Build of configuration Debug for project TLA2528_demo ****
make -j4 all 
arm-none-eabi-gcc "../Core/Src/main.c" -mcpu=cortex-m7 -std=gnu11 -g3 -DDEBUG -DUSE_PWR_LDO_SUPPLY -DUSE_HAL_DRIVER -DSTM32H723xx -c -I../Core/Inc -I../Drivers/STM32H7xx_HAL_Driver/Inc -I../Drivers/STM32H7xx_HAL_Driver/Inc/Legacy -I../Drivers/CMSIS/Device/ST/STM32H7xx/Include -I../Drivers/CMSIS/Include -O0 -ffunction-sections -fdata-sections -Wall -fstack-usage -fcyclomatic-complexity -MMD -MP -MF"Core/Src/main.d" -MT"Core/Src/main.o" --specs=nano.specs -mfpu=fpv5-d16 -mfloat-abi=hard -mthumb -o "Core/Src/main.o"
arm-none-eabi-gcc -o "TLA2528_demo.elf" @"objects.list"   -mcpu=cortex-m7 -T"D:\TLA2528\TLA2528_demo\STM32H723ZGTX_FLASH.ld" --specs=nosys.specs -Wl,-Map="TLA2528_demo.map" -Wl,--gc-sections -static --specs=nano.specs -mfpu=fpv5-d16 -mfloat-abi=hard -mthumb -u _printf_float -Wl,--start-group -lc -lm -Wl,--end-group
Finished building target: TLA2528_demo.elf
 
arm-none-eabi-size  TLA2528_demo.elf 
arm-none-eabi-objdump -h -S TLA2528_demo.elf  > "TLA2528_demo.list"
   text	   data	    bss	    dec	    hex	filename
  37092	    472	   2136	  39700	   9b14	TLA2528_demo.elf
Finished building: default.size.stdout
 
Finished building: TLA2528_demo.list
 

11:31:59 Build Finished. 0 errors, 0 warnings. (took 1s.147ms)

